c:\users\thain\source\repos\tuan1part3\tuan1part3\x64\debug\tuan1part3.pch
c:\users\thain\source\repos\tuan1part3\tuan1part3\x64\debug\vc143.pdb
c:\users\thain\source\repos\tuan1part3\tuan1part3\x64\debug\vc143.idb
c:\users\thain\source\repos\tuan1part3\tuan1part3\x64\debug\pch.obj
c:\users\thain\source\repos\tuan1part3\tuan1part3\x64\debug\tuan1part3.obj
c:\users\thain\source\repos\tuan1part3\x64\debug\tuan1part3.exe
c:\users\thain\source\repos\tuan1part3\x64\debug\tuan1part3.pdb
c:\users\thain\source\repos\tuan1part3\tuan1part3\x64\debug\tuan1part3.res
c:\users\thain\source\repos\tuan1part3\tuan1part3\x64\debug\tuan1part3.ilk
c:\users\thain\source\repos\tuan1part3\tuan1part3\x64\debug\tuan1part3.tlog\cl.command.1.tlog
c:\users\thain\source\repos\tuan1part3\tuan1part3\x64\debug\tuan1part3.tlog\cl.items.tlog
c:\users\thain\source\repos\tuan1part3\tuan1part3\x64\debug\tuan1part3.tlog\cl.read.1.tlog
c:\users\thain\source\repos\tuan1part3\tuan1part3\x64\debug\tuan1part3.tlog\cl.write.1.tlog
c:\users\thain\source\repos\tuan1part3\tuan1part3\x64\debug\tuan1part3.tlog\link.command.1.tlog
c:\users\thain\source\repos\tuan1part3\tuan1part3\x64\debug\tuan1part3.tlog\link.read.1.tlog
c:\users\thain\source\repos\tuan1part3\tuan1part3\x64\debug\tuan1part3.tlog\link.secondary.1.tlog
c:\users\thain\source\repos\tuan1part3\tuan1part3\x64\debug\tuan1part3.tlog\link.write.1.tlog
c:\users\thain\source\repos\tuan1part3\tuan1part3\x64\debug\tuan1part3.tlog\rc.command.1.tlog
c:\users\thain\source\repos\tuan1part3\tuan1part3\x64\debug\tuan1part3.tlog\rc.read.1.tlog
c:\users\thain\source\repos\tuan1part3\tuan1part3\x64\debug\tuan1part3.tlog\rc.write.1.tlog
